\documentclass{article}
\usepackage[utf8]{inputenc}
\usepackage[T1]{fontenc}
\usepackage{hyperref}
\usepackage{graphicx}
\usepackage[normalem]{ulem}
\usepackage{listings}
\usepackage{booktabs}
\usepackage{xcolor}
\begin{document}
\section{Bloki kodu}



\subsection{Blok kodu bez języka}



\begin{lstlisting}[language=text]
function hello() {
    console.log("Hello World!");
}
\end{lstlisting}



\subsection{Blok kodu Python}



\begin{lstlisting}[language=python]
def hello_world():
    print("Hello World!")

def add(a, b):
    return a + b

if __name__ == "__main__":
    hello_world()
\end{lstlisting}



\subsection{Kod w linii}



Komenda \texttt{git commit -m "message"} zatwierdza zmiany.




\subsection{Kombinacja kodu z formatowaniem}



\textbf{Ważne:} Użyj funkcji \texttt{setTimeout()} do opóźnienia.




\textit{Uwaga:} Komenda \texttt{npm install} może trwać długo.



\end{document}
