\documentclass{article}
\usepackage[utf8]{inputenc}
\usepackage[T1]{fontenc}
\usepackage{hyperref}
\usepackage{graphicx}
\usepackage[normalem]{ulem}
\usepackage{listings}
\usepackage{booktabs}
\usepackage{xcolor}
\begin{document}
\section{Nagłówek pierwszego poziomu}



\subsection{Nagłówek drugiego poziomu}



\subsubsection{Nagłówek trzeciego poziomu}



\paragraph{Nagłówek czwartego poziomu}



\paragraph{Nagłówek piątego poziomu}



\paragraph{Nagłówek szóstego poziomu}



\section{Kolejny nagłówek H1}



Tekst po nagłówku pierwszego poziomu.




\subsection{Sekcja A}



Treść sekcji A.




\subsubsection{Podsekcja A.1}



Treść podsekcji A.1.




\subsubsection{Podsekcja A.2}



Treść podsekcji A.2.




\subsection{Sekcja B}



Treść sekcji B.



\end{document}
