\documentclass{article}
\usepackage[utf8]{inputenc}
\usepackage[T1]{fontenc}
\usepackage{hyperref}
\usepackage{graphicx}
\usepackage[normalem]{ulem}
\usepackage{listings}
\usepackage{booktabs}
\usepackage{xcolor}
\begin{document}
\section{Linki i obrazy}



\subsection{Linki}



\href{https://example.com}{Przykładowy link}




\subsection{Obrazy}



\begin{figure}[h]
  \centering
  \includegraphics[width=\linewidth]{photo.png}
  \caption{Przykładowy obraz}
\end{figure}





\end{document}
