\documentclass{article}
\usepackage[utf8]{inputenc}
\usepackage[T1]{fontenc}
\usepackage{hyperref}
\usepackage{graphicx}
\usepackage[normalem]{ulem}
\usepackage{listings}
\usepackage{booktabs}
\usepackage{xcolor}
\begin{document}
To jest zwykły tekst w akapicie.




\textbf{Ten tekst jest pogrubiony.}




\textit{Ten tekst jest pochylony.}




\sout{Ten tekst jest przekreślony.}




\textbf{\textit{Ten tekst jest pogrubiony i pochylony}} jednocześnie.



\end{document}
